ASxxxx Linker V03.00 + NoICE + sdld,  page 1.
Hexadecimal  [32-Bits]

Area                                    Addr        Size        Decimal Bytes (Attributes)
--------------------------------        ----        ----        ------- ----- ------------
.  .ABS.                            00000000    00000000 =           0. bytes (ABS,CON)

      Value  Global                              Global Defined In Module
      -----  --------------------------------   ------------------------
     00000000  .__.ABS.                           main
     00000000  l__CABS                         
     00000000  l__DABS                         
     00000000  l__GSFINAL                      
     00000000  l__GSINIT                       
     00000000  l__HOME                         
     00000000  l__INFO                         
     00000000  l__MIVECTOR                     
     00000000  l__NMIVECTOR                    
     00000000  l__RESET                        
     00000000  l__TRAP                         
     00000000  s__CABS                         
     00000000  s__CODE                         
     00000000  s__DABS                         
     00000000  s__INFO                         
     00000000  s__INFO0                        
     00000000  s__MIVECTOR                     
     00000000  s__MIVECTOR2                    
     00000000  s__NMIVECTOR                    
     00000000  s__NMIVECTOR3                   
     00000000  s__RESET                        
     00000000  s__RESET0                       
     00000000  s__TRAP                         
     00000000  s__TRAP1                        
     00000002  l__DATA                         
     00000002  l__INITIALIZED                  
     00000002  l__INITIALIZER                  
     00000003  l__TRAP1                        
     00000004  l__NMIVECTOR3                   
     00000007  l__MIVECTOR2                    
     00000009  l__RESET0                       
     00000015  l__INFO0                        
     00000019  l__CODE                         
     00000019  s__DATA                         
     0000001B  s__INITIALIZED                  
     0000001D  s__BOOT                         
     0000001D  s__GSFINAL                      
     0000001D  s__GSINIT                       
     0000001D  s__HOME                         
     00000093  l__BOOT                         
     000000B0  s__INITIALIZER                  

ASxxxx Linker V03.00 + NoICE + sdld,  page 2.
Hexadecimal  [32-Bits]

Area                                    Addr        Size        Decimal Bytes (Attributes)
--------------------------------        ----        ----        ------- ----- ------------
_CODE                               00000000    00000019 =          25. bytes (REL,CON)

      Value  Global                              Global Defined In Module
      -----  --------------------------------   ------------------------
     00000000  _main                              main
     00000010  _addition                          main

ASxxxx Linker V03.00 + NoICE + sdld,  page 3.
Hexadecimal  [32-Bits]

Area                                    Addr        Size        Decimal Bytes (Attributes)
--------------------------------        ----        ----        ------- ----- ------------
_DATA                               00000019    00000002 =           2. bytes (REL,CON)

      Value  Global                              Global Defined In Module
      -----  --------------------------------   ------------------------
     00000019  __port                             boot
     0000001A  __data                             boot

ASxxxx Linker V03.00 + NoICE + sdld,  page 4.
Hexadecimal  [32-Bits]

Area                                    Addr        Size        Decimal Bytes (Attributes)
--------------------------------        ----        ----        ------- ----- ------------
_INITIALIZED                        0000001B    00000002 =           2. bytes (REL,CON)

      Value  Global                              Global Defined In Module
      -----  --------------------------------   ------------------------
ASxxxx Linker V03.00 + NoICE + sdld,  page 5.
Hexadecimal  [32-Bits]

Area                                    Addr        Size        Decimal Bytes (Attributes)
--------------------------------        ----        ----        ------- ----- ------------
_BOOT                               0000001D    00000093 =         147. bytes (REL,CON)

      Value  Global                              Global Defined In Module
      -----  --------------------------------   ------------------------
     0000001D  _boot_entry                        boot
     0000002D  _write_port                        boot
     00000057  _read_port                         boot
     00000074  _bootloader                        boot

ASxxxx Linker V03.00 + NoICE + sdld,  page 6.
Hexadecimal  [32-Bits]

Area                                    Addr        Size        Decimal Bytes (Attributes)
--------------------------------        ----        ----        ------- ----- ------------
_INITIALIZER                        000000B0    00000002 =           2. bytes (REL,CON)

      Value  Global                              Global Defined In Module
      -----  --------------------------------   ------------------------
ASxxxx Linker V03.00 + NoICE + sdld,  page 7.
Hexadecimal  [32-Bits]

Area                                    Addr        Size        Decimal Bytes (Attributes)
--------------------------------        ----        ----        ------- ----- ------------
_INFO0                              00000000    00000015 =          21. bytes (ABS,CON)

      Value  Global                              Global Defined In Module
      -----  --------------------------------   ------------------------
ASxxxx Linker V03.00 + NoICE + sdld,  page 8.
Hexadecimal  [32-Bits]

Area                                    Addr        Size        Decimal Bytes (Attributes)
--------------------------------        ----        ----        ------- ----- ------------
_RESET0                             00000000    00000009 =           9. bytes (ABS,CON)

      Value  Global                              Global Defined In Module
      -----  --------------------------------   ------------------------
     00000000  _rst_vector                        

ASxxxx Linker V03.00 + NoICE + sdld,  page 9.
Hexadecimal  [32-Bits]

Area                                    Addr        Size        Decimal Bytes (Attributes)
--------------------------------        ----        ----        ------- ----- ------------
_TRAP1                              00000000    00000003 =           3. bytes (ABS,CON)

      Value  Global                              Global Defined In Module
      -----  --------------------------------   ------------------------
     00000010  _trap                              

ASxxxx Linker V03.00 + NoICE + sdld,  page 10.
Hexadecimal  [32-Bits]

Area                                    Addr        Size        Decimal Bytes (Attributes)
--------------------------------        ----        ----        ------- ----- ------------
_MIVECTOR2                          00000000    00000007 =           7. bytes (ABS,CON)

      Value  Global                              Global Defined In Module
      -----  --------------------------------   ------------------------
     00000036  _mi_vector                         

ASxxxx Linker V03.00 + NoICE + sdld,  page 11.
Hexadecimal  [32-Bits]

Area                                    Addr        Size        Decimal Bytes (Attributes)
--------------------------------        ----        ----        ------- ----- ------------
_NMIVECTOR3                         00000000    00000004 =           4. bytes (ABS,CON)

      Value  Global                              Global Defined In Module
      -----  --------------------------------   ------------------------
     00000066  _nmi_vector                        

ASxxxx Linker V03.00 + NoICE + sdld,  page 12.

Files Linked                              [ module(s) ]

C:/Users/TO01/Documents/GitHub/z80/code/boot/out/rel/boot.rel
                                          [ boot ]
C:/Users/TO01/Documents/GitHub/z80/code/boot/out/rel/info.rel
                                          [  ]
C:/Users/TO01/Documents/GitHub/z80/code/boot/out/rel/vectors.rel
                                          [  ]
C:/Users/TO01/Documents/GitHub/z80/code/prog/test_c/out/rel/main.rel
                                          [ main ]


